[dotenv@17.3.1] injecting env (3) from .env -- tip: ÔÜÖ´©Å  write to custom object with { processEnv: myObject }
DB Connected
node : TEST FAILED
At line:1 char:1
+ node test-db.js > 
test-output.txt 2>&1
+ ~~~~~~~~~~~~~~~~~~~~~
~~~~~~~~~~~~~~~~~
    + CategoryInfo     
         : NotSpecifi  
  ed: (TEST FAILED:S   
 tring) [], RemoteE    
xception
    + FullyQualifiedEr 
   rorId : NativeComm  
  andError
 
TypeError: next is not 
a function
    at 
model.<anonymous> (C:\U
sers\PC\Desktop\booksto
r\server\models\User.js
:25:9)
    at Kareem.execPre (
C:\Users\PC\Desktop\boo
kstor\server\node_modul
es\kareem\index.js:68:3
9)
    at process.processT
icksAndRejections (node
:internal/process/task_
queues:105:5)
    at async 
model.$__save (C:\Users
\PC\Desktop\bookstor\se
rver\node_modules\mongo
ose\lib\model.js:376:5)
    at async 
model.save (C:\Users\PC
\Desktop\bookstor\serve
r\node_modules\mongoose
\lib\model.js:642:5)
    at async test (C:\U
sers\PC\Desktop\booksto
r\server\test-db.js:18:
9)
